Connected
sending: 0
recv value: 10
recv value: 13
sending: 1
recv value: 11
recv value: 14
sending: 2
recv value: 12
sending: 3
recv value: 13
sending: 4
recv value: 14
