Connected
sending: 0
recv value: 10
sending: 1
recv value: 11
sending: 2
recv value: 12
recv value: 10
sending: 3
recv value: 13
recv value: 11
sending: 4
recv value: 14
recv value: 12
