[4] foo: 10
[4] bar: 5
[4] qux: 5
[4] qux: 404
[4] bar: 200
