Ignoring malformed message from client: head is not present or is not a dict
Ignoring malformed message from client: json_msg is not a dict
Ignoring malformed message from client: json_msg is not a dict
Ignoring malformed message from client: head is not present or is not a dict
Ignoring malformed message from client: channel is not present or is not a string
Ignoring malformed message from client: channel is not present or is not a string
